
Memory Configuration

Name             Origin             Length             Attributes
*default*        0x0000000000000000 0xffffffffffffffff

Linker script and memory map


.loader         0x00000000f0000000        0xc
 *(.text .text.*)
 .text          0x00000000f0000000        0xc loader.o
 *(.data)
 .data          0x00000000f000000c        0x0 loader.o
 *(.rodata .rodata.*)
 *(.bss)
 .bss           0x00000000f000000c        0x0 loader.o
 *(COMMON)

.stab
 *(.stab)

.stabstr
 *(.stabstr)

.stab.excl
 *(.stab.excl)

.stab.exclstr
 *(.stab.exclstr)

.stab.index
 *(.stab.index)

.stab.indexstr
 *(.stab.indexstr)

.comment
 *(.comment)

.debug
 *(.debug)

.line
 *(.line)

.debug_srcinfo
 *(.debug_srcinfo)

.debug_sfnames
 *(.debug_sfnames)

.debug_aranges  0x0000000000000000       0x20
 *(.debug_aranges)
 .debug_aranges
                0x0000000000000000       0x20 loader.o

.debug_pubnames
 *(.debug_pubnames)

.debug_info     0x0000000000000000       0x24
 *(.debug_info .gnu.linkonce.wi.*)
 .debug_info    0x0000000000000000       0x24 loader.o

.debug_abbrev   0x0000000000000000       0x14
 *(.debug_abbrev)
 .debug_abbrev  0x0000000000000000       0x14 loader.o

.debug_line     0x0000000000000000       0x50
 *(.debug_line)
 .debug_line    0x0000000000000000       0x50 loader.o

.debug_line_str
                0x0000000000000000       0x68
 *(.debug_line_str)
 .debug_line_str
                0x0000000000000000       0x68 loader.o

.debug_frame
 *(.debug_frame)

.debug_str      0x0000000000000000       0x74
 *(.debug_str)
 .debug_str     0x0000000000000000       0x74 loader.o

.debug_loc
 *(.debug_loc)

.debug_macinfo
 *(.debug_macinfo)

.debug_weaknames
 *(.debug_weaknames)

.debug_funcnames
 *(.debug_funcnames)

.debug_typenames
 *(.debug_typenames)

.debug_varnames
 *(.debug_varnames)

.debug_pubtypes
 *(.debug_pubtypes)

.debug_ranges
 *(.debug_ranges)

.gnu.attributes
 *(.gnu.attributes)

.riscv.attributes
                0x0000000000000000       0x24
 *(.riscv.attributes)
 .riscv.attributes
                0x0000000000000000       0x24 loader.o
LOAD loader.o
OUTPUT(loader.raw elf32-littleriscv)
